Archive member included to satisfy reference by file (symbol)

c:/ac6/systemworkbench/plugins/fr.ac6.mcu.externaltools.arm-none.win32_1.17.0.201812190825/tools/compiler/bin/../lib/gcc/arm-none-eabi/7.3.1/thumb/v7e-m/fpv4-sp/hard\libgcc.a(_aeabi_uldivmod.o)
                              Drivers/STM32F4xx_HAL_Driver/Src/stm32f4xx_hal_rcc.o (__aeabi_uldivmod)
c:/ac6/systemworkbench/plugins/fr.ac6.mcu.externaltools.arm-none.win32_1.17.0.201812190825/tools/compiler/bin/../lib/gcc/arm-none-eabi/7.3.1/thumb/v7e-m/fpv4-sp/hard\libgcc.a(_udivmoddi4.o)
                              c:/ac6/systemworkbench/plugins/fr.ac6.mcu.externaltools.arm-none.win32_1.17.0.201812190825/tools/compiler/bin/../lib/gcc/arm-none-eabi/7.3.1/thumb/v7e-m/fpv4-sp/hard\libgcc.a(_aeabi_uldivmod.o) (__udivmoddi4)
c:/ac6/systemworkbench/plugins/fr.ac6.mcu.externaltools.arm-none.win32_1.17.0.201812190825/tools/compiler/bin/../lib/gcc/arm-none-eabi/7.3.1/thumb/v7e-m/fpv4-sp/hard\libgcc.a(_dvmd_tls.o)
                              c:/ac6/systemworkbench/plugins/fr.ac6.mcu.externaltools.arm-none.win32_1.17.0.201812190825/tools/compiler/bin/../lib/gcc/arm-none-eabi/7.3.1/thumb/v7e-m/fpv4-sp/hard\libgcc.a(_aeabi_uldivmod.o) (__aeabi_ldiv0)
c:/ac6/systemworkbench/plugins/fr.ac6.mcu.externaltools.arm-none.win32_1.17.0.201812190825/tools/compiler/bin/../lib/gcc/arm-none-eabi/7.3.1/../../../../arm-none-eabi/lib/thumb/v7e-m/fpv4-sp/hard\libc_nano.a(lib_a-errno.o)
                              Core/Src/syscalls.o (__errno)
c:/ac6/systemworkbench/plugins/fr.ac6.mcu.externaltools.arm-none.win32_1.17.0.201812190825/tools/compiler/bin/../lib/gcc/arm-none-eabi/7.3.1/../../../../arm-none-eabi/lib/thumb/v7e-m/fpv4-sp/hard\libc_nano.a(lib_a-exit.o)
                              c:/ac6/systemworkbench/plugins/fr.ac6.mcu.externaltools.arm-none.win32_1.17.0.201812190825/tools/compiler/bin/../lib/gcc/arm-none-eabi/7.3.1/../../../../arm-none-eabi/lib/thumb/v7e-m/fpv4-sp/hard/crt0.o (exit)
c:/ac6/systemworkbench/plugins/fr.ac6.mcu.externaltools.arm-none.win32_1.17.0.201812190825/tools/compiler/bin/../lib/gcc/arm-none-eabi/7.3.1/../../../../arm-none-eabi/lib/thumb/v7e-m/fpv4-sp/hard\libc_nano.a(lib_a-impure.o)
                              c:/ac6/systemworkbench/plugins/fr.ac6.mcu.externaltools.arm-none.win32_1.17.0.201812190825/tools/compiler/bin/../lib/gcc/arm-none-eabi/7.3.1/../../../../arm-none-eabi/lib/thumb/v7e-m/fpv4-sp/hard\libc_nano.a(lib_a-exit.o) (_global_impure_ptr)
c:/ac6/systemworkbench/plugins/fr.ac6.mcu.externaltools.arm-none.win32_1.17.0.201812190825/tools/compiler/bin/../lib/gcc/arm-none-eabi/7.3.1/../../../../arm-none-eabi/lib/thumb/v7e-m/fpv4-sp/hard\libc_nano.a(lib_a-init.o)
                              c:/ac6/systemworkbench/plugins/fr.ac6.mcu.externaltools.arm-none.win32_1.17.0.201812190825/tools/compiler/bin/../lib/gcc/arm-none-eabi/7.3.1/../../../../arm-none-eabi/lib/thumb/v7e-m/fpv4-sp/hard/crt0.o (__libc_init_array)
c:/ac6/systemworkbench/plugins/fr.ac6.mcu.externaltools.arm-none.win32_1.17.0.201812190825/tools/compiler/bin/../lib/gcc/arm-none-eabi/7.3.1/../../../../arm-none-eabi/lib/thumb/v7e-m/fpv4-sp/hard\libc_nano.a(lib_a-memset.o)
                              c:/ac6/systemworkbench/plugins/fr.ac6.mcu.externaltools.arm-none.win32_1.17.0.201812190825/tools/compiler/bin/../lib/gcc/arm-none-eabi/7.3.1/../../../../arm-none-eabi/lib/thumb/v7e-m/fpv4-sp/hard/crt0.o (memset)

Allocating common symbols
Common symbol       size              file

dev                 0x28              Core/Src/sst25vfo16b.o
huart3              0x40              Core/Src/usart.o
uwTick              0x4               Drivers/STM32F4xx_HAL_Driver/Src/stm32f4xx_hal.o
pFlash              0x20              Drivers/STM32F4xx_HAL_Driver/Src/stm32f4xx_hal_flash.o
hspi1               0x58              Core/Src/spi.o

Discarded input sections

 .text          0x00000000        0x0 c:/ac6/systemworkbench/plugins/fr.ac6.mcu.externaltools.arm-none.win32_1.17.0.201812190825/tools/compiler/bin/../lib/gcc/arm-none-eabi/7.3.1/thumb/v7e-m/fpv4-sp/hard/crti.o
 .data          0x00000000        0x0 c:/ac6/systemworkbench/plugins/fr.ac6.mcu.externaltools.arm-none.win32_1.17.0.201812190825/tools/compiler/bin/../lib/gcc/arm-none-eabi/7.3.1/thumb/v7e-m/fpv4-sp/hard/crti.o
 .bss           0x00000000        0x0 c:/ac6/systemworkbench/plugins/fr.ac6.mcu.externaltools.arm-none.win32_1.17.0.201812190825/tools/compiler/bin/../lib/gcc/arm-none-eabi/7.3.1/thumb/v7e-m/fpv4-sp/hard/crti.o
 .data          0x00000000        0x4 c:/ac6/systemworkbench/plugins/fr.ac6.mcu.externaltools.arm-none.win32_1.17.0.201812190825/tools/compiler/bin/../lib/gcc/arm-none-eabi/7.3.1/thumb/v7e-m/fpv4-sp/hard/crtbegin.o
 .text          0x00000000       0x74 c:/ac6/systemworkbench/plugins/fr.ac6.mcu.externaltools.arm-none.win32_1.17.0.201812190825/tools/compiler/bin/../lib/gcc/arm-none-eabi/7.3.1/../../../../arm-none-eabi/lib/thumb/v7e-m/fpv4-sp/hard/crt0.o
[...]
Memory Configuration

Name             Origin             Length             Attributes
RAM              0x20000000         0x00020000         xrw
CCMRAM           0x10000000         0x00010000         xrw
FLASH            0x08000000         0x00100000         xr
*default*        0x00000000         0xffffffff

Linker script and memory map

LOAD c:/ac6/systemworkbench/plugins/fr.ac6.mcu.externaltools.arm-none.win32_1.17.0.201812190825/tools/compiler/bin/../lib/gcc/arm-none-eabi/7.3.1/thumb/v7e-m/fpv4-sp/hard/crti.o
LOAD c:/ac6/systemworkbench/plugins/fr.ac6.mcu.externaltools.arm-none.win32_1.17.0.201812190825/tools/compiler/bin/../lib/gcc/arm-none-eabi/7.3.1/thumb/v7e-m/fpv4-sp/hard/crtbegin.o
LOAD c:/ac6/systemworkbench/plugins/fr.ac6.mcu.externaltools.arm-none.win32_1.17.0.201812190825/tools/compiler/bin/../lib/gcc/arm-none-eabi/7.3.1/../../../../arm-none-eabi/lib/thumb/v7e-m/fpv4-sp/hard/crt0.o
LOAD Core/Src/gpio.o
LOAD Core/Src/main.o
LOAD Core/Src/spi.o
LOAD Core/Src/sst25vfo16b.o
LOAD Core/Src/stm32f4xx_hal_msp.o
LOAD Core/Src/stm32f4xx_it.o
LOAD Core/Src/syscalls.o
LOAD Core/Src/system_stm32f4xx.o
LOAD Core/Src/usart.o
LOAD Drivers/STM32F4xx_HAL_Driver/Src/stm32f4xx_hal.o
LOAD Drivers/STM32F4xx_HAL_Driver/Src/stm32f4xx_hal_cortex.o
LOAD Drivers/STM32F4xx_HAL_Driver/Src/stm32f4xx_hal_dma.o
LOAD Drivers/STM32F4xx_HAL_Driver/Src/stm32f4xx_hal_dma_ex.o
LOAD Drivers/STM32F4xx_HAL_Driver/Src/stm32f4xx_hal_exti.o
LOAD Drivers/STM32F4xx_HAL_Driver/Src/stm32f4xx_hal_flash.o
LOAD Drivers/STM32F4xx_HAL_Driver/Src/stm32f4xx_hal_flash_ex.o
LOAD Drivers/STM32F4xx_HAL_Driver/Src/stm32f4xx_hal_flash_ramfunc.o
LOAD Drivers/STM32F4xx_HAL_Driver/Src/stm32f4xx_hal_gpio.o
LOAD Drivers/STM32F4xx_HAL_Driver/Src/stm32f4xx_hal_pwr.o
LOAD Drivers/STM32F4xx_HAL_Driver/Src/stm32f4xx_hal_pwr_ex.o
LOAD Drivers/STM32F4xx_HAL_Driver/Src/stm32f4xx_hal_rcc.o
LOAD Drivers/STM32F4xx_HAL_Driver/Src/stm32f4xx_hal_rcc_ex.o
LOAD Drivers/STM32F4xx_HAL_Driver/Src/stm32f4xx_hal_spi.o
LOAD Drivers/STM32F4xx_HAL_Driver/Src/stm32f4xx_hal_tim.o
LOAD Drivers/STM32F4xx_HAL_Driver/Src/stm32f4xx_hal_tim_ex.o
LOAD Drivers/STM32F4xx_HAL_Driver/Src/stm32f4xx_hal_uart.o
LOAD startup/startup_stm32f407xx.o
LOAD c:/ac6/systemworkbench/plugins/fr.ac6.mcu.externaltools.arm-none.win32_1.17.0.201812190825/tools/compiler/bin/../lib/gcc/arm-none-eabi/7.3.1/../../../../arm-none-eabi/lib/thumb/v7e-m/fpv4-sp/hard\libm.a
START GROUP
LOAD c:/ac6/systemworkbench/plugins/fr.ac6.mcu.externaltools.arm-none.win32_1.17.0.201812190825/tools/compiler/bin/../lib/gcc/arm-none-eabi/7.3.1/thumb/v7e-m/fpv4-sp/hard\libgcc.a
LOAD c:/ac6/systemworkbench/plugins/fr.ac6.mcu.externaltools.arm-none.win32_1.17.0.201812190825/tools/compiler/bin/../lib/gcc/arm-none-eabi/7.3.1/../../../../arm-none-eabi/lib/thumb/v7e-m/fpv4-sp/hard\libc_nano.a
END GROUP
START GROUP
LOAD c:/ac6/systemworkbench/plugins/fr.ac6.mcu.externaltools.arm-none.win32_1.17.0.201812190825/tools/compiler/bin/../lib/gcc/arm-none-eabi/7.3.1/thumb/v7e-m/fpv4-sp/hard\libgcc.a
LOAD c:/ac6/systemworkbench/plugins/fr.ac6.mcu.externaltools.arm-none.win32_1.17.0.201812190825/tools/compiler/bin/../lib/gcc/arm-none-eabi/7.3.1/../../../../arm-none-eabi/lib/thumb/v7e-m/fpv4-sp/hard\libc_nano.a
LOAD c:/ac6/systemworkbench/plugins/fr.ac6.mcu.externaltools.arm-none.win32_1.17.0.201812190825/tools/compiler/bin/../lib/gcc/arm-none-eabi/7.3.1/../../../../arm-none-eabi/lib/thumb/v7e-m/fpv4-sp/hard\libnosys.a
END GROUP
START GROUP
LOAD c:/ac6/systemworkbench/plugins/fr.ac6.mcu.externaltools.arm-none.win32_1.17.0.201812190825/tools/compiler/bin/../lib/gcc/arm-none-eabi/7.3.1/thumb/v7e-m/fpv4-sp/hard\libgcc.a
LOAD c:/ac6/systemworkbench/plugins/fr.ac6.mcu.externaltools.arm-none.win32_1.17.0.201812190825/tools/compiler/bin/../lib/gcc/arm-none-eabi/7.3.1/../../../../arm-none-eabi/lib/thumb/v7e-m/fpv4-sp/hard\libc_nano.a
LOAD c:/ac6/systemworkbench/plugins/fr.ac6.mcu.externaltools.arm-none.win32_1.17.0.201812190825/tools/compiler/bin/../lib/gcc/arm-none-eabi/7.3.1/../../../../arm-none-eabi/lib/thumb/v7e-m/fpv4-sp/hard\libnosys.a
END GROUP
LOAD c:/ac6/systemworkbench/plugins/fr.ac6.mcu.externaltools.arm-none.win32_1.17.0.201812190825/tools/compiler/bin/../lib/gcc/arm-none-eabi/7.3.1/thumb/v7e-m/fpv4-sp/hard/crtend.o
LOAD c:/ac6/systemworkbench/plugins/fr.ac6.mcu.externaltools.arm-none.win32_1.17.0.201812190825/tools/compiler/bin/../lib/gcc/arm-none-eabi/7.3.1/thumb/v7e-m/fpv4-sp/hard/crtn.o
                0x20020000                _estack = 0x20020000
                0x00000200                _Min_Heap_Size = 0x200
                0x00000400                _Min_Stack_Size = 0x400

.isr_vector     0x08000000      0x188
                0x08000000                . = ALIGN (0x4)
 *(.isr_vector)
 .isr_vector    0x08000000      0x188 startup/startup_stm32f407xx.o
                0x08000000                g_pfnVectors
                0x08000188                . = ALIGN (0x4)

.text           0x08000188     0x2138
                0x08000188                . = ALIGN (0x4)
 *(.text)
 .text          0x08000188       0x40 c:/ac6/systemworkbench/plugins/fr.ac6.mcu.externaltools.arm-none.win32_1.17.0.201812190825/tools/compiler/bin/../lib/gcc/arm-none-eabi/7.3.1/thumb/v7e-m/fpv4-sp/hard/crtbegin.o
 .text          0x080001c8       0x30 c:/ac6/systemworkbench/plugins/fr.ac6.mcu.externaltools.arm-none.win32_1.17.0.201812190825/tools/compiler/bin/../lib/gcc/arm-none-eabi/7.3.1/thumb/v7e-m/fpv4-sp/hard\libgcc.a(_aeabi_uldivmod.o)
                0x080001c8                __aeabi_uldivmod
 .text          0x080001f8      0x2cc c:/ac6/systemworkbench/plugins/fr.ac6.mcu.externaltools.arm-none.win32_1.17.0.201812190825/tools/compiler/bin/../lib/gcc/arm-none-eabi/7.3.1/thumb/v7e-m/fpv4-sp/hard\libgcc.a(_udivmoddi4.o)
                0x080001f8                __udivmoddi4
 .text          0x080004c4        0x4 c:/ac6/systemworkbench/plugins/fr.ac6.mcu.externaltools.arm-none.win32_1.17.0.201812190825/tools/compiler/bin/../lib/gcc/arm-none-eabi/7.3.1/thumb/v7e-m/fpv4-sp/hard\libgcc.a(_dvmd_tls.o)
                0x080004c4                __aeabi_idiv0
                0x080004c4                __aeabi_ldiv0
 *(.text*)
 .text.MX_GPIO_Init
                0x080004c8       0xc0 Core/Src/gpio.o
                0x080004c8                MX_GPIO_Init
 .text.SystemClock_Config
                0x08000588       0x7c Core/Src/main.o
                0x08000588                SystemClock_Config
 .text.main     0x08000604       0xf0 Core/Src/main.o
                0x08000604                main
 .text.Error_Handler
                0x080006f4        0x2 Core/Src/main.o
                0x080006f4                Error_Handler
 *fill*         0x080006f6        0x2 
 .text.MX_SPI1_Init
                0x080006f8       0x44 Core/Src/spi.o
                0x080006f8                MX_SPI1_Init
 .text.HAL_SPI_MspInit
                0x0800073c       0x98 Core/Src/spi.o
                0x0800073c                HAL_SPI_MspInit
 .text.SST25_Spi
                0x080007d4       0x2c Core/Src/sst25vfo16b.o
                0x080007d4                SST25_Spi
 .text.SST25_ReadID
                0x08000800       0x4c Core/Src/sst25vfo16b.o
                0x08000800                SST25_ReadID
 .text.SST25_WriteEnable
                0x0800084c       0x2c Core/Src/sst25vfo16b.o
                0x0800084c                SST25_WriteEnable
 .text.SST25_WriteDisable
                0x08000878       0x2c Core/Src/sst25vfo16b.o
                0x08000878                SST25_WriteDisable
 .text.SST25_WaitForWriteEnd
                0x080008a4       0x58 Core/Src/sst25vfo16b.o
                0x080008a4                SST25_WaitForWriteEnd
 .text.EnableWriteStatus
                0x080008fc       0x2c Core/Src/sst25vfo16b.o
                0x080008fc                EnableWriteStatus
 .text.SST25_Init
                0x08000928       0x54 Core/Src/sst25vfo16b.o
                0x08000928                SST25_Init
 .text.SST25_WriteStatusRegister
                0x0800097c       0x40 Core/Src/sst25vfo16b.o
                0x0800097c                SST25_WriteStatusRegister
 .text.SST25_ReadStatusRegister
                0x080009bc       0x34 Core/Src/sst25vfo16b.o
                0x080009bc                SST25_ReadStatusRegister
 .text.SST25_EraseChip
                0x080009f0       0x2c Core/Src/sst25vfo16b.o
                0x080009f0                SST25_EraseChip
 .text.SST25_WritePage
                0x08000a1c       0x9c Core/Src/sst25vfo16b.o
                0x08000a1c                SST25_WritePage
 .text.SST25_ReadPage
                0x08000ab8       0x60 Core/Src/sst25vfo16b.o
                0x08000ab8                SST25_ReadPage
 .text.HAL_MspInit
                0x08000b18       0x38 Core/Src/stm32f4xx_hal_msp.o
                0x08000b18                HAL_MspInit
 .text.NMI_Handler
                0x08000b50        0x2 Core/Src/stm32f4xx_it.o
                0x08000b50                NMI_Handler
 .text.HardFault_Handler
                0x08000b52        0x2 Core/Src/stm32f4xx_it.o
                0x08000b52                HardFault_Handler
 .text.MemManage_Handler
                0x08000b54        0x2 Core/Src/stm32f4xx_it.o
                0x08000b54                MemManage_Handler
 .text.BusFault_Handler
                0x08000b56        0x2 Core/Src/stm32f4xx_it.o
                0x08000b56                BusFault_Handler
 .text.UsageFault_Handler
                0x08000b58        0x2 Core/Src/stm32f4xx_it.o
                0x08000b58                UsageFault_Handler
 .text.SVC_Handler
                0x08000b5a        0x2 Core/Src/stm32f4xx_it.o
                0x08000b5a                SVC_Handler
 .text.DebugMon_Handler
                0x08000b5c        0x2 Core/Src/stm32f4xx_it.o
                0x08000b5c                DebugMon_Handler
 .text.PendSV_Handler
                0x08000b5e        0x2 Core/Src/stm32f4xx_it.o
                0x08000b5e                PendSV_Handler
 .text.SysTick_Handler
                0x08000b60        0x8 Core/Src/stm32f4xx_it.o
                0x08000b60                SysTick_Handler
 .text.EXTI9_5_IRQHandler
                0x08000b68       0x14 Core/Src/stm32f4xx_it.o
                0x08000b68                EXTI9_5_IRQHandler
 .text.SystemInit
                0x08000b7c       0x1c Core/Src/system_stm32f4xx.o
                0x08000b7c                SystemInit
 .text.MX_USART3_UART_Init
                0x08000b98       0x34 Core/Src/usart.o
                0x08000b98                MX_USART3_UART_Init
 .text.HAL_UART_MspInit
                0x08000bcc       0x70 Core/Src/usart.o
                0x08000bcc                HAL_UART_MspInit
 .text.HAL_InitTick
                0x08000c3c       0x48 Drivers/STM32F4xx_HAL_Driver/Src/stm32f4xx_hal.o
                0x08000c3c                HAL_InitTick
 .text.HAL_Init
                0x08000c84       0x34 Drivers/STM32F4xx_HAL_Driver/Src/stm32f4xx_hal.o
                0x08000c84                HAL_Init
 .text.HAL_IncTick
                0x08000cb8       0x18 Drivers/STM32F4xx_HAL_Driver/Src/stm32f4xx_hal.o
                0x08000cb8                HAL_IncTick
 .text.HAL_GetTick
                0x08000cd0        0xc Drivers/STM32F4xx_HAL_Driver/Src/stm32f4xx_hal.o
                0x08000cd0                HAL_GetTick
 .text.HAL_Delay
                0x08000cdc       0x28 Drivers/STM32F4xx_HAL_Driver/Src/stm32f4xx_hal.o
                0x08000cdc                HAL_Delay
 .text.HAL_NVIC_SetPriorityGrouping
                0x08000d04       0x24 Drivers/STM32F4xx_HAL_Driver/Src/stm32f4xx_hal_cortex.o
                0x08000d04                HAL_NVIC_SetPriorityGrouping
 .text.HAL_NVIC_SetPriority
                0x08000d28       0x68 Drivers/STM32F4xx_HAL_Driver/Src/stm32f4xx_hal_cortex.o
                0x08000d28                HAL_NVIC_SetPriority
 .text.HAL_NVIC_EnableIRQ
                0x08000d90       0x1c Drivers/STM32F4xx_HAL_Driver/Src/stm32f4xx_hal_cortex.o
                0x08000d90                HAL_NVIC_EnableIRQ
 .text.HAL_SYSTICK_Config
                0x08000dac       0x2c Drivers/STM32F4xx_HAL_Driver/Src/stm32f4xx_hal_cortex.o
                0x08000dac                HAL_SYSTICK_Config
 .text.HAL_GPIO_Init
                0x08000dd8      0x1c8 Drivers/STM32F4xx_HAL_Driver/Src/stm32f4xx_hal_gpio.o
                0x08000dd8                HAL_GPIO_Init
 .text.HAL_GPIO_WritePin
                0x08000fa0        0xc Drivers/STM32F4xx_HAL_Driver/Src/stm32f4xx_hal_gpio.o
                0x08000fa0                HAL_GPIO_WritePin
 .text.HAL_GPIO_TogglePin
                0x08000fac       0x12 Drivers/STM32F4xx_HAL_Driver/Src/stm32f4xx_hal_gpio.o
                0x08000fac                HAL_GPIO_TogglePin
 .text.HAL_GPIO_EXTI_Callback
                0x08000fbe        0x2 Drivers/STM32F4xx_HAL_Driver/Src/stm32f4xx_hal_gpio.o
                0x08000fbe                HAL_GPIO_EXTI_Callback
 .text.HAL_GPIO_EXTI_IRQHandler
                0x08000fc0       0x1c Drivers/STM32F4xx_HAL_Driver/Src/stm32f4xx_hal_gpio.o
                0x08000fc0                HAL_GPIO_EXTI_IRQHandler
 .text.HAL_RCC_OscConfig
                0x08000fdc      0x3ec Drivers/STM32F4xx_HAL_Driver/Src/stm32f4xx_hal_rcc.o
                0x08000fdc                HAL_RCC_OscConfig
 .text.HAL_RCC_GetSysClockFreq
                0x080013c8       0xa8 Drivers/STM32F4xx_HAL_Driver/Src/stm32f4xx_hal_rcc.o
                0x080013c8                HAL_RCC_GetSysClockFreq
 .text.HAL_RCC_ClockConfig
                0x08001470      0x160 Drivers/STM32F4xx_HAL_Driver/Src/stm32f4xx_hal_rcc.o
                0x08001470                HAL_RCC_ClockConfig
 .text.HAL_RCC_GetHCLKFreq
                0x080015d0        0xc Drivers/STM32F4xx_HAL_Driver/Src/stm32f4xx_hal_rcc.o
                0x080015d0                HAL_RCC_GetHCLKFreq
 .text.HAL_RCC_GetPCLK1Freq
                0x080015dc       0x20 Drivers/STM32F4xx_HAL_Driver/Src/stm32f4xx_hal_rcc.o
                0x080015dc                HAL_RCC_GetPCLK1Freq
 .text.HAL_RCC_GetPCLK2Freq
                0x080015fc       0x20 Drivers/STM32F4xx_HAL_Driver/Src/stm32f4xx_hal_rcc.o
                0x080015fc                HAL_RCC_GetPCLK2Freq
 .text.SPI_WaitFlagStateUntilTimeout
                0x0800161c       0x90 Drivers/STM32F4xx_HAL_Driver/Src/stm32f4xx_hal_spi.o
 .text.SPI_EndRxTxTransaction
                0x080016ac       0x68 Drivers/STM32F4xx_HAL_Driver/Src/stm32f4xx_hal_spi.o
 .text.SPI_EndRxTransaction
                0x08001714       0x98 Drivers/STM32F4xx_HAL_Driver/Src/stm32f4xx_hal_spi.o
 .text.HAL_SPI_Init
                0x080017ac       0x80 Drivers/STM32F4xx_HAL_Driver/Src/stm32f4xx_hal_spi.o
                0x080017ac                HAL_SPI_Init
 .text.HAL_SPI_Transmit
                0x0800182c      0x19a Drivers/STM32F4xx_HAL_Driver/Src/stm32f4xx_hal_spi.o
                0x0800182c                HAL_SPI_Transmit
 .text.HAL_SPI_TransmitReceive
                0x080019c6      0x22e Drivers/STM32F4xx_HAL_Driver/Src/stm32f4xx_hal_spi.o
                0x080019c6                HAL_SPI_TransmitReceive
 .text.HAL_SPI_Receive
                0x08001bf4      0x162 Drivers/STM32F4xx_HAL_Driver/Src/stm32f4xx_hal_spi.o
                0x08001bf4                HAL_SPI_Receive
 *fill*         0x08001d56        0x2 
 .text.UART_SetConfig
                0x08001d58      0x218 Drivers/STM32F4xx_HAL_Driver/Src/stm32f4xx_hal_uart.o
 .text.UART_WaitOnFlagUntilTimeout
                0x08001f70       0x62 Drivers/STM32F4xx_HAL_Driver/Src/stm32f4xx_hal_uart.o
 .text.HAL_UART_Init
                0x08001fd2       0x5e Drivers/STM32F4xx_HAL_Driver/Src/stm32f4xx_hal_uart.o
                0x08001fd2                HAL_UART_Init
 .text.HAL_UART_Transmit
                0x08002030       0xe2 Drivers/STM32F4xx_HAL_Driver/Src/stm32f4xx_hal_uart.o
                0x08002030                HAL_UART_Transmit
 .text.HAL_UART_Receive
                0x08002112       0xe8 Drivers/STM32F4xx_HAL_Driver/Src/stm32f4xx_hal_uart.o
                0x08002112                HAL_UART_Receive
 *fill*         0x080021fa        0x2 
 .text.Reset_Handler
                0x080021fc       0x50 startup/startup_stm32f407xx.o
                0x080021fc                Reset_Handler
 .text.Default_Handler
                0x0800224c        0x2 startup/startup_stm32f407xx.o
                0x0800224c                RTC_Alarm_IRQHandler
                0x0800224c                HASH_RNG_IRQHandler
                0x0800224c                EXTI2_IRQHandler
                0x0800224c                TIM8_CC_IRQHandler
                0x0800224c                TIM1_CC_IRQHandler
                0x0800224c                DMA2_Stream5_IRQHandler
                0x0800224c                DMA1_Stream5_IRQHandler
                0x0800224c                PVD_IRQHandler
                0x0800224c                SDIO_IRQHandler
                0x0800224c                TAMP_STAMP_IRQHandler
                0x0800224c                CAN2_RX1_IRQHandler
                0x0800224c                EXTI3_IRQHandler
                0x0800224c                TIM8_TRG_COM_TIM14_IRQHandler
                0x0800224c                TIM1_UP_TIM10_IRQHandler
                0x0800224c                TIM8_UP_TIM13_IRQHandler
                0x0800224c                I2C3_ER_IRQHandler
                0x0800224c                EXTI0_IRQHandler
                0x0800224c                I2C2_EV_IRQHandler
                0x0800224c                DMA1_Stream2_IRQHandler
                0x0800224c                CAN1_RX0_IRQHandler
                0x0800224c                FPU_IRQHandler
                0x0800224c                OTG_HS_WKUP_IRQHandler
                0x0800224c                CAN2_SCE_IRQHandler
                0x0800224c                DMA2_Stream2_IRQHandler
                0x0800224c                SPI1_IRQHandler
                0x0800224c                TIM6_DAC_IRQHandler
                0x0800224c                TIM1_BRK_TIM9_IRQHandler
                0x0800224c                DCMI_IRQHandler
                0x0800224c                CAN2_RX0_IRQHandler
                0x0800224c                DMA2_Stream3_IRQHandler
                0x0800224c                USART6_IRQHandler
                0x0800224c                USART3_IRQHandler
                0x0800224c                CAN1_RX1_IRQHandler
                0x0800224c                UART5_IRQHandler
                0x0800224c                DMA2_Stream0_IRQHandler
                0x0800224c                TIM4_IRQHandler
                0x0800224c                I2C1_EV_IRQHandler
                0x0800224c                DMA1_Stream6_IRQHandler
                0x0800224c                DMA1_Stream1_IRQHandler
                0x0800224c                UART4_IRQHandler
                0x0800224c                TIM3_IRQHandler
                0x0800224c                RCC_IRQHandler
                0x0800224c                TIM8_BRK_TIM12_IRQHandler
                0x0800224c                Default_Handler
                0x0800224c                EXTI15_10_IRQHandler
                0x0800224c                ADC_IRQHandler
                0x0800224c                DMA1_Stream7_IRQHandler
                0x0800224c                TIM7_IRQHandler
                0x0800224c                CAN2_TX_IRQHandler
                0x0800224c                TIM5_IRQHandler
                0x0800224c                DMA2_Stream7_IRQHandler
                0x0800224c                I2C3_EV_IRQHandler
                0x0800224c                RTC_WKUP_IRQHandler
                0x0800224c                ETH_WKUP_IRQHandler
                0x0800224c                SPI2_IRQHandler
                0x0800224c                OTG_HS_EP1_IN_IRQHandler
                0x0800224c                DMA1_Stream0_IRQHandler
                0x0800224c                CAN1_TX_IRQHandler
                0x0800224c                EXTI4_IRQHandler
                0x0800224c                FSMC_IRQHandler
                0x0800224c                ETH_IRQHandler
                0x0800224c                OTG_HS_EP1_OUT_IRQHandler
                0x0800224c                WWDG_IRQHandler
                0x0800224c                TIM2_IRQHandler
                0x0800224c                OTG_FS_WKUP_IRQHandler
                0x0800224c                TIM1_TRG_COM_TIM11_IRQHandler
                0x0800224c                OTG_HS_IRQHandler
                0x0800224c                EXTI1_IRQHandler
                0x0800224c                USART2_IRQHandler
                0x0800224c                I2C2_ER_IRQHandler
                0x0800224c                DMA2_Stream1_IRQHandler
                0x0800224c                CAN1_SCE_IRQHandler
                0x0800224c                FLASH_IRQHandler
                0x0800224c                DMA2_Stream4_IRQHandler
                0x0800224c                USART1_IRQHandler
                0x0800224c                OTG_FS_IRQHandler
                0x0800224c                SPI3_IRQHandler
                0x0800224c                DMA1_Stream4_IRQHandler
                0x0800224c                I2C1_ER_IRQHandler
                0x0800224c                DMA2_Stream6_IRQHandler
                0x0800224c                DMA1_Stream3_IRQHandler
 *fill*         0x0800224e        0x2 
 .text.__libc_init_array
                0x08002250       0x48 c:/ac6/systemworkbench/plugins/fr.ac6.mcu.externaltools.arm-none.win32_1.17.0.201812190825/tools/compiler/bin/../lib/gcc/arm-none-eabi/7.3.1/../../../../arm-none-eabi/lib/thumb/v7e-m/fpv4-sp/hard\libc_nano.a(lib_a-init.o)
                0x08002250                __libc_init_array
 .text.memset   0x08002298       0x10 c:/ac6/systemworkbench/plugins/fr.ac6.mcu.externaltools.arm-none.win32_1.17.0.201812190825/tools/compiler/bin/../lib/gcc/arm-none-eabi/7.3.1/../../../../arm-none-eabi/lib/thumb/v7e-m/fpv4-sp/hard\libc_nano.a(lib_a-memset.o)
                0x08002298                memset
 *(.glue_7)
 .glue_7        0x080022a8        0x0 linker stubs
 *(.glue_7t)
 .glue_7t       0x080022a8        0x0 linker stubs
 *(.eh_frame)
 .eh_frame      0x080022a8        0x0 c:/ac6/systemworkbench/plugins/fr.ac6.mcu.externaltools.arm-none.win32_1.17.0.201812190825/tools/compiler/bin/../lib/gcc/arm-none-eabi/7.3.1/thumb/v7e-m/fpv4-sp/hard/crtbegin.o
 *(.init)
 .init          0x080022a8        0x4 c:/ac6/systemworkbench/plugins/fr.ac6.mcu.externaltools.arm-none.win32_1.17.0.201812190825/tools/compiler/bin/../lib/gcc/arm-none-eabi/7.3.1/thumb/v7e-m/fpv4-sp/hard/crti.o
                0x080022a8                _init
 .init          0x080022ac        0x8 c:/ac6/systemworkbench/plugins/fr.ac6.mcu.externaltools.arm-none.win32_1.17.0.201812190825/tools/compiler/bin/../lib/gcc/arm-none-eabi/7.3.1/thumb/v7e-m/fpv4-sp/hard/crtn.o
 *(.fini)
 .fini          0x080022b4        0x4 c:/ac6/systemworkbench/plugins/fr.ac6.mcu.externaltools.arm-none.win32_1.17.0.201812190825/tools/compiler/bin/../lib/gcc/arm-none-eabi/7.3.1/thumb/v7e-m/fpv4-sp/hard/crti.o
                0x080022b4                _fini
 .fini          0x080022b8        0x8 c:/ac6/systemworkbench/plugins/fr.ac6.mcu.externaltools.arm-none.win32_1.17.0.201812190825/tools/compiler/bin/../lib/gcc/arm-none-eabi/7.3.1/thumb/v7e-m/fpv4-sp/hard/crtn.o
                0x080022c0                . = ALIGN (0x4)
                0x080022c0                _etext = .

.vfp11_veneer   0x080022c0        0x0
 .vfp11_veneer  0x080022c0        0x0 linker stubs

.v4_bx          0x080022c0        0x0
 .v4_bx         0x080022c0        0x0 linker stubs

.iplt           0x080022c0        0x0
 .iplt          0x080022c0        0x0 c:/ac6/systemworkbench/plugins/fr.ac6.mcu.externaltools.arm-none.win32_1.17.0.201812190825/tools/compiler/bin/../lib/gcc/arm-none-eabi/7.3.1/thumb/v7e-m/fpv4-sp/hard/crtbegin.o

.rodata         0x080022c0       0x18
                0x080022c0                . = ALIGN (0x4)
 *(.rodata)
 .rodata        0x080022c0       0x18 Core/Src/system_stm32f4xx.o
                0x080022c0                AHBPrescTable
                0x080022d0                APBPrescTable
 *(.rodata*)
                0x080022d8                . = ALIGN (0x4)

.ARM.extab
 *(.ARM.extab* .gnu.linkonce.armextab.*)

.ARM            0x080022d8        0x8
                0x080022d8                __exidx_start = .
 *(.ARM.exidx*)
 .ARM.exidx     0x080022d8        0x8 c:/ac6/systemworkbench/plugins/fr.ac6.mcu.externaltools.arm-none.win32_1.17.0.201812190825/tools/compiler/bin/../lib/gcc/arm-none-eabi/7.3.1/thumb/v7e-m/fpv4-sp/hard\libgcc.a(_udivmoddi4.o)
                0x080022e0                __exidx_end = .

.rel.dyn        0x080022e0        0x0
 .rel.iplt      0x080022e0        0x0 c:/ac6/systemworkbench/plugins/fr.ac6.mcu.externaltools.arm-none.win32_1.17.0.201812190825/tools/compiler/bin/../lib/gcc/arm-none-eabi/7.3.1/thumb/v7e-m/fpv4-sp/hard/crtbegin.o

.preinit_array  0x080022e0        0x0
                0x080022e0                PROVIDE (__preinit_array_start = .)
 *(.preinit_array*)
                0x080022e0                PROVIDE (__preinit_array_end = .)

.init_array     0x080022e0        0x4
                0x080022e0                PROVIDE (__init_array_start = .)
 *(SORT_BY_NAME(.init_array.*))
 *(.init_array*)
 .init_array    0x080022e0        0x4 c:/ac6/systemworkbench/plugins/fr.ac6.mcu.externaltools.arm-none.win32_1.17.0.201812190825/tools/compiler/bin/../lib/gcc/arm-none-eabi/7.3.1/thumb/v7e-m/fpv4-sp/hard/crtbegin.o
                0x080022e4                PROVIDE (__init_array_end = .)

.fini_array     0x080022e4        0x4
                [!provide]                PROVIDE (__fini_array_start = .)
 *(SORT_BY_NAME(.fini_array.*))
 *(.fini_array*)
 .fini_array    0x080022e4        0x4 c:/ac6/systemworkbench/plugins/fr.ac6.mcu.externaltools.arm-none.win32_1.17.0.201812190825/tools/compiler/bin/../lib/gcc/arm-none-eabi/7.3.1/thumb/v7e-m/fpv4-sp/hard/crtbegin.o
                [!provide]                PROVIDE (__fini_array_end = .)
                0x080022e8                _sidata = LOADADDR (.data)

.data           0x20000000        0xc load address 0x080022e8
                0x20000000                . = ALIGN (0x4)
                0x20000000                _sdata = .
 *(.data)
 .data          0x20000000        0x4 Core/Src/system_stm32f4xx.o
                0x20000000                SystemCoreClock
 .data          0x20000004        0x8 Drivers/STM32F4xx_HAL_Driver/Src/stm32f4xx_hal.o
                0x20000004                uwTickFreq
                0x20000008                uwTickPrio
 *(.data*)
                0x2000000c                . = ALIGN (0x4)
                0x2000000c                _edata = .
                0x080022f4                _siccmram = LOADADDR (.ccmram)

.igot.plt       0x2000000c        0x0 load address 0x080022f4
 .igot.plt      0x2000000c        0x0 c:/ac6/systemworkbench/plugins/fr.ac6.mcu.externaltools.arm-none.win32_1.17.0.201812190825/tools/compiler/bin/../lib/gcc/arm-none-eabi/7.3.1/thumb/v7e-m/fpv4-sp/hard/crtbegin.o

.ccmram         0x10000000        0x0 load address 0x080022f4
                0x10000000                . = ALIGN (0x4)
                0x10000000                _sccmram = .
 *(.ccmram)
 *(.ccmram*)
                0x10000000                . = ALIGN (0x4)
                0x10000000                _eccmram = .
                0x10000000                . = ALIGN (0x4)

.bss            0x2000000c       0xe0
                0x2000000c                _sbss = .
                0x2000000c                __bss_start__ = _sbss
 *(.bss)
 .bss           0x2000000c       0x1c c:/ac6/systemworkbench/plugins/fr.ac6.mcu.externaltools.arm-none.win32_1.17.0.201812190825/tools/compiler/bin/../lib/gcc/arm-none-eabi/7.3.1/thumb/v7e-m/fpv4-sp/hard/crtbegin.o
 *(.bss*)
 *(COMMON)
 COMMON         0x20000028       0x58 Core/Src/spi.o
                0x20000028                hspi1
 COMMON         0x20000080       0x28 Core/Src/sst25vfo16b.o
                0x20000080                dev
 COMMON         0x200000a8       0x40 Core/Src/usart.o
                0x200000a8                huart3
 COMMON         0x200000e8        0x4 Drivers/STM32F4xx_HAL_Driver/Src/stm32f4xx_hal.o
                0x200000e8                uwTick
                0x200000ec                . = ALIGN (0x4)
                0x200000ec                _ebss = .
                0x200000ec                __bss_end__ = _ebss

._user_heap_stack
                0x200000ec      0x604
                0x200000f0                . = ALIGN (0x8)
 *fill*         0x200000ec        0x4 
                0x200000f0                PROVIDE (end = .)
                [!provide]                PROVIDE (_end = .)
                0x200002f0                . = (. + _Min_Heap_Size)
 *fill*         0x200000f0      0x200 
                0x200006f0                . = (. + _Min_Stack_Size)
 *fill*         0x200002f0      0x400 
                0x200006f0                . = ALIGN (0x8)

/DISCARD/
 libc.a(*)
 libm.a(*)
 libgcc.a(*)

.ARM.attributes
                0x00000000       0x30
 *(.ARM.attributes)
 .ARM.attributes
                0x00000000       0x22 c:/ac6/systemworkbench/plugins/fr.ac6.mcu.externaltools.arm-none.win32_1.17.0.201812190825/tools/compiler/bin/../lib/gcc/arm-none-eabi/7.3.1/thumb/v7e-m/fpv4-sp/hard/crti.o
 .ARM.attributes
                0x00000022       0x34 c:/ac6/systemworkbench/plugins/fr.ac6.mcu.externaltools.arm-none.win32_1.17.0.201812190825/tools/compiler/bin/../lib/gcc/arm-none-eabi/7.3.1/thumb/v7e-m/fpv4-sp/hard/crtbegin.o
 .ARM.attributes
                0x00000056       0x39 Core/Src/gpio.o
 .ARM.attributes
                0x0000008f       0x39 Core/Src/main.o
 .ARM.attributes
                0x000000c8       0x39 Core/Src/spi.o
 .ARM.attributes
                0x00000101       0x39 Core/Src/sst25vfo16b.o
 .ARM.attributes
                0x0000013a       0x39 Core/Src/stm32f4xx_hal_msp.o
 .ARM.attributes
                0x00000173       0x39 Core/Src/stm32f4xx_it.o
 .ARM.attributes
                0x000001ac       0x39 Core/Src/system_stm32f4xx.o
 .ARM.attributes
                0x000001e5       0x39 Core/Src/usart.o
 .ARM.attributes
                0x0000021e       0x39 Drivers/STM32F4xx_HAL_Driver/Src/stm32f4xx_hal.o
 .ARM.attributes
                0x00000257       0x39 Drivers/STM32F4xx_HAL_Driver/Src/stm32f4xx_hal_cortex.o
 .ARM.attributes
                0x00000290       0x39 Drivers/STM32F4xx_HAL_Driver/Src/stm32f4xx_hal_gpio.o
 .ARM.attributes
                0x000002c9       0x39 Drivers/STM32F4xx_HAL_Driver/Src/stm32f4xx_hal_rcc.o
 .ARM.attributes
                0x00000302       0x39 Drivers/STM32F4xx_HAL_Driver/Src/stm32f4xx_hal_spi.o
 .ARM.attributes
                0x0000033b       0x39 Drivers/STM32F4xx_HAL_Driver/Src/stm32f4xx_hal_uart.o
 .ARM.attributes
                0x00000374       0x21 startup/startup_stm32f407xx.o
 .ARM.attributes
                0x00000395       0x22 c:/ac6/systemworkbench/plugins/fr.ac6.mcu.externaltools.arm-none.win32_1.17.0.201812190825/tools/compiler/bin/../lib/gcc/arm-none-eabi/7.3.1/thumb/v7e-m/fpv4-sp/hard\libgcc.a(_aeabi_uldivmod.o)
 .ARM.attributes
                0x000003b7       0x34 c:/ac6/systemworkbench/plugins/fr.ac6.mcu.externaltools.arm-none.win32_1.17.0.201812190825/tools/compiler/bin/../lib/gcc/arm-none-eabi/7.3.1/thumb/v7e-m/fpv4-sp/hard\libgcc.a(_udivmoddi4.o)
 .ARM.attributes
                0x000003eb       0x22 c:/ac6/systemworkbench/plugins/fr.ac6.mcu.externaltools.arm-none.win32_1.17.0.201812190825/tools/compiler/bin/../lib/gcc/arm-none-eabi/7.3.1/thumb/v7e-m/fpv4-sp/hard\libgcc.a(_dvmd_tls.o)
 .ARM.attributes
                0x0000040d       0x34 c:/ac6/systemworkbench/plugins/fr.ac6.mcu.externaltools.arm-none.win32_1.17.0.201812190825/tools/compiler/bin/../lib/gcc/arm-none-eabi/7.3.1/../../../../arm-none-eabi/lib/thumb/v7e-m/fpv4-sp/hard\libc_nano.a(lib_a-init.o)
 .ARM.attributes
                0x00000441       0x34 c:/ac6/systemworkbench/plugins/fr.ac6.mcu.externaltools.arm-none.win32_1.17.0.201812190825/tools/compiler/bin/../lib/gcc/arm-none-eabi/7.3.1/../../../../arm-none-eabi/lib/thumb/v7e-m/fpv4-sp/hard\libc_nano.a(lib_a-memset.o)
 .ARM.attributes
                0x00000475       0x22 c:/ac6/systemworkbench/plugins/fr.ac6.mcu.externaltools.arm-none.win32_1.17.0.201812190825/tools/compiler/bin/../lib/gcc/arm-none-eabi/7.3.1/thumb/v7e-m/fpv4-sp/hard/crtn.o
OUTPUT(spi.elf elf32-littlearm)

.debug_info     0x00000000     0xaba0
 .debug_info    0x00000000      0x7a8 Core/Src/gpio.o
 .debug_info    0x000007a8      0xfde Core/Src/main.o
 .debug_info    0x00001786      0xa97 Core/Src/spi.o
 .debug_info    0x0000221d     0x1566 Core/Src/sst25vfo16b.o
 .debug_info    0x00003783      0x362 Core/Src/stm32f4xx_hal_msp.o
 .debug_info    0x00003ae5      0x280 Core/Src/stm32f4xx_it.o
 .debug_info    0x00003d65      0x559 Core/Src/system_stm32f4xx.o
 .debug_info    0x000042be      0x9d5 Core/Src/usart.o
 .debug_info    0x00004c93      0x9f1 Drivers/STM32F4xx_HAL_Driver/Src/stm32f4xx_hal.o
 .debug_info    0x00005684      0xf8c Drivers/STM32F4xx_HAL_Driver/Src/stm32f4xx_hal_cortex.o
 .debug_info    0x00006610      0x7c2 Drivers/STM32F4xx_HAL_Driver/Src/stm32f4xx_hal_gpio.o
 .debug_info    0x00006dd2      0xa94 Drivers/STM32F4xx_HAL_Driver/Src/stm32f4xx_hal_rcc.o
 .debug_info    0x00007866     0x1bfb Drivers/STM32F4xx_HAL_Driver/Src/stm32f4xx_hal_spi.o
 .debug_info    0x00009461     0x171d Drivers/STM32F4xx_HAL_Driver/Src/stm32f4xx_hal_uart.o
 .debug_info    0x0000ab7e       0x22 startup/startup_stm32f407xx.o

.debug_abbrev   0x00000000     0x1b16
 .debug_abbrev  0x00000000      0x17c Core/Src/gpio.o
 .debug_abbrev  0x0000017c      0x248 Core/Src/main.o
 .debug_abbrev  0x000003c4      0x1c9 Core/Src/spi.o
 .debug_abbrev  0x0000058d      0x232 Core/Src/sst25vfo16b.o
 .debug_abbrev  0x000007bf      0x109 Core/Src/stm32f4xx_hal_msp.o
 .debug_abbrev  0x000008c8      0x108 Core/Src/stm32f4xx_it.o
 .debug_abbrev  0x000009d0      0x12b Core/Src/system_stm32f4xx.o
 .debug_abbrev  0x00000afb      0x1c9 Core/Src/usart.o
 .debug_abbrev  0x00000cc4      0x1ed Drivers/STM32F4xx_HAL_Driver/Src/stm32f4xx_hal.o
 .debug_abbrev  0x00000eb1      0x328 Drivers/STM32F4xx_HAL_Driver/Src/stm32f4xx_hal_cortex.o
 .debug_abbrev  0x000011d9      0x1e7 Drivers/STM32F4xx_HAL_Driver/Src/stm32f4xx_hal_gpio.o
 .debug_abbrev  0x000013c0      0x273 Drivers/STM32F4xx_HAL_Driver/Src/stm32f4xx_hal_rcc.o
 .debug_abbrev  0x00001633      0x249 Drivers/STM32F4xx_HAL_Driver/Src/stm32f4xx_hal_spi.o
 .debug_abbrev  0x0000187c      0x288 Drivers/STM32F4xx_HAL_Driver/Src/stm32f4xx_hal_uart.o
 .debug_abbrev  0x00001b04       0x12 startup/startup_stm32f407xx.o

.debug_aranges  0x00000000      0x838
 .debug_aranges
                0x00000000       0x20 Core/Src/gpio.o
 .debug_aranges
                0x00000020       0x30 Core/Src/main.o
 .debug_aranges
                0x00000050       0x30 Core/Src/spi.o
 .debug_aranges
                0x00000080       0x98 Core/Src/sst25vfo16b.o
 .debug_aranges
                0x00000118       0x20 Core/Src/stm32f4xx_hal_msp.o
 .debug_aranges
                0x00000138       0x68 Core/Src/stm32f4xx_it.o
 .debug_aranges
                0x000001a0       0x28 Core/Src/system_stm32f4xx.o
 .debug_aranges
                0x000001c8       0x30 Core/Src/usart.o
 .debug_aranges
                0x000001f8       0xf0 Drivers/STM32F4xx_HAL_Driver/Src/stm32f4xx_hal.o
 .debug_aranges
                0x000002e8       0xa8 Drivers/STM32F4xx_HAL_Driver/Src/stm32f4xx_hal_cortex.o
 .debug_aranges
                0x00000390       0x58 Drivers/STM32F4xx_HAL_Driver/Src/stm32f4xx_hal_gpio.o
 .debug_aranges
                0x000003e8       0x88 Drivers/STM32F4xx_HAL_Driver/Src/stm32f4xx_hal_rcc.o
 .debug_aranges
                0x00000470      0x1d0 Drivers/STM32F4xx_HAL_Driver/Src/stm32f4xx_hal_spi.o
 .debug_aranges
                0x00000640      0x1d0 Drivers/STM32F4xx_HAL_Driver/Src/stm32f4xx_hal_uart.o
 .debug_aranges
                0x00000810       0x28 startup/startup_stm32f407xx.o

.debug_ranges   0x00000000      0x7c8
 .debug_ranges  0x00000000       0x10 Core/Src/gpio.o
 .debug_ranges  0x00000010       0x20 Core/Src/main.o
 .debug_ranges  0x00000030       0x20 Core/Src/spi.o
 .debug_ranges  0x00000050       0x88 Core/Src/sst25vfo16b.o
 .debug_ranges  0x000000d8       0x10 Core/Src/stm32f4xx_hal_msp.o
 .debug_ranges  0x000000e8       0x58 Core/Src/stm32f4xx_it.o
 .debug_ranges  0x00000140       0x18 Core/Src/system_stm32f4xx.o
 .debug_ranges  0x00000158       0x20 Core/Src/usart.o
 .debug_ranges  0x00000178       0xe0 Drivers/STM32F4xx_HAL_Driver/Src/stm32f4xx_hal.o
 .debug_ranges  0x00000258       0xf8 Drivers/STM32F4xx_HAL_Driver/Src/stm32f4xx_hal_cortex.o
 .debug_ranges  0x00000350       0x48 Drivers/STM32F4xx_HAL_Driver/Src/stm32f4xx_hal_gpio.o
 .debug_ranges  0x00000398       0x90 Drivers/STM32F4xx_HAL_Driver/Src/stm32f4xx_hal_rcc.o
 .debug_ranges  0x00000428      0x1c0 Drivers/STM32F4xx_HAL_Driver/Src/stm32f4xx_hal_spi.o
 .debug_ranges  0x000005e8      0x1c0 Drivers/STM32F4xx_HAL_Driver/Src/stm32f4xx_hal_uart.o
 .debug_ranges  0x000007a8       0x20 startup/startup_stm32f407xx.o

.debug_macro    0x00000000    0x1fd11
 .debug_macro   0x00000000      0x1d8 Core/Src/gpio.o
 .debug_macro   0x000001d8      0xa54 Core/Src/gpio.o
 .debug_macro   0x00000c2c      0x294 Core/Src/gpio.o
 .debug_macro   0x00000ec0       0x2e Core/Src/gpio.o
 .debug_macro   0x00000eee       0x2f Core/Src/gpio.o
 .debug_macro   0x00000f1d       0x22 Core/Src/gpio.o
 .debug_macro   0x00000f3f       0x8e Core/Src/gpio.o
 .debug_macro   0x00000fcd       0x51 Core/Src/gpio.o
 .debug_macro   0x0000101e       0xef Core/Src/gpio.o
 .debug_macro   0x0000110d       0x6a Core/Src/gpio.o
 .debug_macro   0x00001177      0x1df Core/Src/gpio.o
 .debug_macro   0x00001356       0x1c Core/Src/gpio.o
 .debug_macro   0x00001372       0x22 Core/Src/gpio.o
 .debug_macro   0x00001394       0xdf Core/Src/gpio.o
 .debug_macro   0x00001473     0x102d Core/Src/gpio.o
 .debug_macro   0x000024a0      0x11f Core/Src/gpio.o
 .debug_macro   0x000025bf    0x15e3c Core/Src/gpio.o
 .debug_macro   0x000183fb       0x43 Core/Src/gpio.o
 .debug_macro   0x0001843e     0x3659 Core/Src/gpio.o
 .debug_macro   0x0001ba97      0x174 Core/Src/gpio.o
 .debug_macro   0x0001bc0b       0x5a Core/Src/gpio.o
 .debug_macro   0x0001bc65      0x96b Core/Src/gpio.o
 .debug_macro   0x0001c5d0      0x9fe Core/Src/gpio.o
 .debug_macro   0x0001cfce      0x117 Core/Src/gpio.o
 .debug_macro   0x0001d0e5      0x13e Core/Src/gpio.o
 .debug_macro   0x0001d223       0x27 Core/Src/gpio.o
 .debug_macro   0x0001d24a      0x174 Core/Src/gpio.o
 .debug_macro   0x0001d3be      0x287 Core/Src/gpio.o
 .debug_macro   0x0001d645       0x5f Core/Src/gpio.o
 .debug_macro   0x0001d6a4      0x236 Core/Src/gpio.o
 .debug_macro   0x0001d8da      0x12c Core/Src/gpio.o
 .debug_macro   0x0001da06      0x21e Core/Src/gpio.o
 .debug_macro   0x0001dc24       0x2e Core/Src/gpio.o
 .debug_macro   0x0001dc52      0x11a Core/Src/gpio.o
 .debug_macro   0x0001dd6c       0x7e Core/Src/gpio.o
 .debug_macro   0x0001ddea       0x89 Core/Src/gpio.o
 .debug_macro   0x0001de73      0x225 Core/Src/gpio.o
 .debug_macro   0x0001e098      0x287 Core/Src/gpio.o
 .debug_macro   0x0001e31f      0x12d Core/Src/gpio.o
 .debug_macro   0x0001e44c      0x1f0 Core/Src/main.o
 .debug_macro   0x0001e63c      0x1d8 Core/Src/spi.o
 .debug_macro   0x0001e814      0x1e9 Core/Src/sst25vfo16b.o
 .debug_macro   0x0001e9fd       0x6a Core/Src/sst25vfo16b.o
 .debug_macro   0x0001ea67      0x1ce Core/Src/stm32f4xx_hal_msp.o
 .debug_macro   0x0001ec35      0x1d8 Core/Src/stm32f4xx_it.o
 .debug_macro   0x0001ee0d      0x1ca Core/Src/system_stm32f4xx.o
 .debug_macro   0x0001efd7      0x1d8 Core/Src/usart.o
 .debug_macro   0x0001f1af      0x224 Drivers/STM32F4xx_HAL_Driver/Src/stm32f4xx_hal.o
 .debug_macro   0x0001f3d3      0x1c4 Drivers/STM32F4xx_HAL_Driver/Src/stm32f4xx_hal_cortex.o
 .debug_macro   0x0001f597      0x1fa Drivers/STM32F4xx_HAL_Driver/Src/stm32f4xx_hal_gpio.o
 .debug_macro   0x0001f791      0x1e8 Drivers/STM32F4xx_HAL_Driver/Src/stm32f4xx_hal_rcc.o
 .debug_macro   0x0001f979      0x1d3 Drivers/STM32F4xx_HAL_Driver/Src/stm32f4xx_hal_spi.o
 .debug_macro   0x0001fb4c      0x1c5 Drivers/STM32F4xx_HAL_Driver/Src/stm32f4xx_hal_uart.o

.debug_line     0x00000000     0x78df
 .debug_line    0x00000000      0x664 Core/Src/gpio.o
 .debug_line    0x00000664      0x6ee Core/Src/main.o
 .debug_line    0x00000d52      0x69f Core/Src/spi.o
 .debug_line    0x000013f1      0x7f2 Core/Src/sst25vfo16b.o
 .debug_line    0x00001be3      0x659 Core/Src/stm32f4xx_hal_msp.o
 .debug_line    0x0000223c      0x6fc Core/Src/stm32f4xx_it.o
 .debug_line    0x00002938      0x67a Core/Src/system_stm32f4xx.o
 .debug_line    0x00002fb2      0x697 Core/Src/usart.o
 .debug_line    0x00003649      0x857 Drivers/STM32F4xx_HAL_Driver/Src/stm32f4xx_hal.o
 .debug_line    0x00003ea0      0x8a9 Drivers/STM32F4xx_HAL_Driver/Src/stm32f4xx_hal_cortex.o
 .debug_line    0x00004749      0x7df Drivers/STM32F4xx_HAL_Driver/Src/stm32f4xx_hal_gpio.o
 .debug_line    0x00004f28      0x8e8 Drivers/STM32F4xx_HAL_Driver/Src/stm32f4xx_hal_rcc.o
 .debug_line    0x00005810     0x10ab Drivers/STM32F4xx_HAL_Driver/Src/stm32f4xx_hal_spi.o
 .debug_line    0x000068bb      0xfa6 Drivers/STM32F4xx_HAL_Driver/Src/stm32f4xx_hal_uart.o
 .debug_line    0x00007861       0x7e startup/startup_stm32f407xx.o

.debug_str      0x00000000    0xbfbd8
 .debug_str     0x00000000    0xbd699 Core/Src/gpio.o
                              0xbd939 (size before relaxing)
 .debug_str     0x000bd699      0x7b1 Core/Src/main.o
                              0xbdbde (size before relaxing)
 .debug_str     0x000bde4a       0x5b Core/Src/spi.o
                              0xbd899 (size before relaxing)
 .debug_str     0x000bdea5      0x3c5 Core/Src/sst25vfo16b.o
                              0xbdc93 (size before relaxing)
 .debug_str     0x000be26a       0x2c Core/Src/stm32f4xx_hal_msp.o
                              0xbd368 (size before relaxing)
 .debug_str     0x000be296       0xf5 Core/Src/stm32f4xx_it.o
                              0xbd342 (size before relaxing)
 .debug_str     0x000be38b       0xc4 Core/Src/system_stm32f4xx.o
                              0xbd3ef (size before relaxing)
 .debug_str     0x000be44f       0x51 Core/Src/usart.o
                              0xbd87d (size before relaxing)
 .debug_str     0x000be4a0      0x59e Drivers/STM32F4xx_HAL_Driver/Src/stm32f4xx_hal.o
                              0xbdf01 (size before relaxing)
 .debug_str     0x000bea3e      0x341 Drivers/STM32F4xx_HAL_Driver/Src/stm32f4xx_hal_cortex.o
                              0xbdcab (size before relaxing)
 .debug_str     0x000bed7f      0x1b0 Drivers/STM32F4xx_HAL_Driver/Src/stm32f4xx_hal_gpio.o
                              0xbd62e (size before relaxing)
 .debug_str     0x000bef2f      0x233 Drivers/STM32F4xx_HAL_Driver/Src/stm32f4xx_hal_rcc.o
                              0xbd803 (size before relaxing)
 .debug_str     0x000bf162      0x554 Drivers/STM32F4xx_HAL_Driver/Src/stm32f4xx_hal_spi.o
                              0xbdc99 (size before relaxing)
 .debug_str     0x000bf6b6      0x4f3 Drivers/STM32F4xx_HAL_Driver/Src/stm32f4xx_hal_uart.o
                              0xbdcb2 (size before relaxing)
 .debug_str     0x000bfba9       0x2f startup/startup_stm32f407xx.o
                                 0x4e (size before relaxing)

.comment        0x00000000       0x7f
 .comment       0x00000000       0x7f Core/Src/gpio.o
                                 0x80 (size before relaxing)
 .comment       0x0000007f       0x80 Core/Src/main.o
 .comment       0x0000007f       0x80 Core/Src/spi.o
 .comment       0x0000007f       0x80 Core/Src/sst25vfo16b.o
 .comment       0x0000007f       0x80 Core/Src/stm32f4xx_hal_msp.o
 .comment       0x0000007f       0x80 Core/Src/stm32f4xx_it.o
 .comment       0x0000007f       0x80 Core/Src/system_stm32f4xx.o
 .comment       0x0000007f       0x80 Core/Src/usart.o
 .comment       0x0000007f       0x80 Drivers/STM32F4xx_HAL_Driver/Src/stm32f4xx_hal.o
 .comment       0x0000007f       0x80 Drivers/STM32F4xx_HAL_Driver/Src/stm32f4xx_hal_cortex.o
 .comment       0x0000007f       0x80 Drivers/STM32F4xx_HAL_Driver/Src/stm32f4xx_hal_gpio.o
 .comment       0x0000007f       0x80 Drivers/STM32F4xx_HAL_Driver/Src/stm32f4xx_hal_rcc.o
 .comment       0x0000007f       0x80 Drivers/STM32F4xx_HAL_Driver/Src/stm32f4xx_hal_spi.o
 .comment       0x0000007f       0x80 Drivers/STM32F4xx_HAL_Driver/Src/stm32f4xx_hal_uart.o

.debug_frame    0x00000000     0x1500
 .debug_frame   0x00000000       0x30 Core/Src/gpio.o
 .debug_frame   0x00000030       0x60 Core/Src/main.o
 .debug_frame   0x00000090       0x68 Core/Src/spi.o
 .debug_frame   0x000000f8      0x1bc Core/Src/sst25vfo16b.o
 .debug_frame   0x000002b4       0x28 Core/Src/stm32f4xx_hal_msp.o
 .debug_frame   0x000002dc       0xc0 Core/Src/stm32f4xx_it.o
 .debug_frame   0x0000039c       0x30 Core/Src/system_stm32f4xx.o
 .debug_frame   0x000003cc       0x60 Core/Src/usart.o
 .debug_frame   0x0000042c      0x1ec Drivers/STM32F4xx_HAL_Driver/Src/stm32f4xx_hal.o
 .debug_frame   0x00000618      0x15c Drivers/STM32F4xx_HAL_Driver/Src/stm32f4xx_hal_cortex.o
 .debug_frame   0x00000774       0xd8 Drivers/STM32F4xx_HAL_Driver/Src/stm32f4xx_hal_gpio.o
 .debug_frame   0x0000084c      0x184 Drivers/STM32F4xx_HAL_Driver/Src/stm32f4xx_hal_rcc.o
 .debug_frame   0x000009d0      0x594 Drivers/STM32F4xx_HAL_Driver/Src/stm32f4xx_hal_spi.o
 .debug_frame   0x00000f64      0x4f0 Drivers/STM32F4xx_HAL_Driver/Src/stm32f4xx_hal_uart.o
 .debug_frame   0x00001454       0x2c c:/ac6/systemworkbench/plugins/fr.ac6.mcu.externaltools.arm-none.win32_1.17.0.201812190825/tools/compiler/bin/../lib/gcc/arm-none-eabi/7.3.1/thumb/v7e-m/fpv4-sp/hard\libgcc.a(_aeabi_uldivmod.o)
 .debug_frame   0x00001480       0x34 c:/ac6/systemworkbench/plugins/fr.ac6.mcu.externaltools.arm-none.win32_1.17.0.201812190825/tools/compiler/bin/../lib/gcc/arm-none-eabi/7.3.1/thumb/v7e-m/fpv4-sp/hard\libgcc.a(_udivmoddi4.o)
 .debug_frame   0x000014b4       0x2c c:/ac6/systemworkbench/plugins/fr.ac6.mcu.externaltools.arm-none.win32_1.17.0.201812190825/tools/compiler/bin/../lib/gcc/arm-none-eabi/7.3.1/../../../../arm-none-eabi/lib/thumb/v7e-m/fpv4-sp/hard\libc_nano.a(lib_a-init.o)
 .debug_frame   0x000014e0       0x20 c:/ac6/systemworkbench/plugins/fr.ac6.mcu.externaltools.arm-none.win32_1.17.0.201812190825/tools/compiler/bin/../lib/gcc/arm-none-eabi/7.3.1/../../../../arm-none-eabi/lib/thumb/v7e-m/fpv4-sp/hard\libc_nano.a(lib_a-memset.o)

.debug_loc      0x00000000     0x44fc
 .debug_loc     0x00000000       0xfd Core/Src/main.o
 .debug_loc     0x000000fd       0x74 Core/Src/spi.o
 .debug_loc     0x00000171      0x2c9 Core/Src/sst25vfo16b.o
 .debug_loc     0x0000043a      0x13e Core/Src/system_stm32f4xx.o
 .debug_loc     0x00000578       0x74 Core/Src/usart.o
 .debug_loc     0x000005ec      0x11b Drivers/STM32F4xx_HAL_Driver/Src/stm32f4xx_hal.o
 .debug_loc     0x00000707      0x5ce Drivers/STM32F4xx_HAL_Driver/Src/stm32f4xx_hal_cortex.o
 .debug_loc     0x00000cd5      0x476 Drivers/STM32F4xx_HAL_Driver/Src/stm32f4xx_hal_gpio.o
 .debug_loc     0x0000114b      0x40f Drivers/STM32F4xx_HAL_Driver/Src/stm32f4xx_hal_rcc.o
 .debug_loc     0x0000155a     0x1a09 Drivers/STM32F4xx_HAL_Driver/Src/stm32f4xx_hal_spi.o
 .debug_loc     0x00002f63     0x1599 Drivers/STM32F4xx_HAL_Driver/Src/stm32f4xx_hal_uart.o
